已启动生成…
1>------ 已启动生成: 项目: Ani_Data_Serever_PC, 配置: _SYSTEM_AMTAFT_ x64 ------
1>未能写入日志文件“E:\CSOT_PH1_AFT151_CAMERA\AMT 4# Data Server软件\Ani_Data_Serever_PC_PH1_AMT_220415TP\Ani_Data_Serever_PC\x64\_SYSTEM_AMTAFT_\Ani_Data_Serever_PC.log”。文件“E:\CSOT_PH1_AFT151_CAMERA\AMT 4# Data Server软件\Ani_Data_Serever_PC_PH1_AMT_220415TP\Ani_Data_Serever_PC\x64\_SYSTEM_AMTAFT_\Ani_Data_Serever_PC.log”正由另一进程使用，因此该进程无法访问此文件。
1>未能写入日志文件“E:\CSOT_PH1_AFT151_CAMERA\AMT 4# Data Server软件\Ani_Data_Serever_PC_PH1_AMT_220415TP\Ani_Data_Serever_PC\x64\_SYSTEM_AMTAFT_\Ani_Data_Serever_PC.log”。文件“E:\CSOT_PH1_AFT151_CAMERA\AMT 4# Data Server软件\Ani_Data_Serever_PC_PH1_AMT_220415TP\Ani_Data_Serever_PC\x64\_SYSTEM_AMTAFT_\Ani_Data_Serever_PC.log”正由另一进程使用，因此该进程无法访问此文件。
========== 生成: 成功 0 个，失败 1 个，最新 0 个，跳过 0 个 ==========

